[appline-tailwind.preview.uideck.com/index.html]
[backblue.gif]
[fade.gif]
[index.html]
[appline-tailwind.preview.uideck.com/favicon.ico]
[appline-tailwind.preview.uideck.com/style.css]
[appline-tailwind.preview.uideck.com/images/logo.svg]
[appline-tailwind.preview.uideck.com/images/logo-white.svg]
[appline-tailwind.preview.uideck.com/blog-grid.html]
[appline-tailwind.preview.uideck.com/blog-details.html]
[appline-tailwind.preview.uideck.com/404.html]
[appline-tailwind.preview.uideck.com/signin.html]
[appline-tailwind.preview.uideck.com/signup.html]
[appline-tailwind.preview.uideck.com/images/hero-light.png]
[appline-tailwind.preview.uideck.com/images/about-1-light.png]
[appline-tailwind.preview.uideck.com/images/about-2-light.png]
[appline-tailwind.preview.uideck.com/images/mobile-frame.png]
[appline-tailwind.preview.uideck.com/images/screen-1-light.png]
[appline-tailwind.preview.uideck.com/images/screen-2-light.png]
[appline-tailwind.preview.uideck.com/images/screen-3-light.png]
[appline-tailwind.preview.uideck.com/images/cta-light.png]
[appline-tailwind.preview.uideck.com/images/author-1.png]
[appline-tailwind.preview.uideck.com/images/author-2.png]
[appline-tailwind.preview.uideck.com/images/author-3.png]
[appline-tailwind.preview.uideck.com/images/author-04.png]
[appline-tailwind.preview.uideck.com/images/blog-01.jpg]
[appline-tailwind.preview.uideck.com/images/blog-02.jpg]
[appline-tailwind.preview.uideck.com/images/blog-03.jpg]
[appline-tailwind.preview.uideck.com/images/client-01.svg]
[appline-tailwind.preview.uideck.com/images/client-02.svg]
[appline-tailwind.preview.uideck.com/images/client-03.svg]
[appline-tailwind.preview.uideck.com/images/client-04.svg]
[appline-tailwind.preview.uideck.com/images/client-05.svg]
[appline-tailwind.preview.uideck.com/images/client-06.svg]
[appline-tailwind.preview.uideck.com/bundle.js]
[appline-tailwind.preview.uideck.com/cdn-cgi/challenge-platform/h/g/scripts/alpha/invisible5615.js]
[appline-tailwind.preview.uideck.com/index.html]
[appline-tailwind.preview.uideck.com/cdn-cgi/challenge-platform/h/g/scripts/jsd/5dc70eb9/invisible5615.js]
[appline-tailwind.preview.uideck.com/style.css]
[appline-tailwind.preview.uideck.com/images/logo.svg]
[appline-tailwind.preview.uideck.com/images/logo-white.svg]
[appline-tailwind.preview.uideck.com/images/texture.svg]
[appline-tailwind.preview.uideck.com/blog-grid.html]
[appline-tailwind.preview.uideck.com/images/blog-detail.jpg]
[appline-tailwind.preview.uideck.com/images/author-01.png]
[appline-tailwind.preview.uideck.com/blog-details.html]
[appline-tailwind.preview.uideck.com/images/404.svg]
[appline-tailwind.preview.uideck.com/404.html]
[appline-tailwind.preview.uideck.com/signin.html]
[appline-tailwind.preview.uideck.com/signup.html]
[appline-tailwind.preview.uideck.com/images/client-01.svg]
[appline-tailwind.preview.uideck.com/images/client-02.svg]
[appline-tailwind.preview.uideck.com/images/client-03.svg]
[appline-tailwind.preview.uideck.com/images/client-04.svg]
[appline-tailwind.preview.uideck.com/images/client-05.svg]
[appline-tailwind.preview.uideck.com/images/client-06.svg]
[appline-tailwind.preview.uideck.com/images/texture.svg]
[appline-tailwind.preview.uideck.com/images/404.svg]
